2025-09-25 05:47:03,329 - Knowledge - INFO - Redis support added with prefix knowledge:b699106:
2025-09-25 05:47:03,586 - Knowledge - INFO - load persisted knowledge: begin
2025-09-25 05:47:03,669 - Knowledge - INFO - load persisted knowledge: end
2025-09-25 05:47:03,748 - Knowledge - INFO - load persisted docinfo: begin
2025-09-25 05:47:03,824 - Knowledge - INFO - load persisted docinfo: end
2025-09-25 05:47:03,917 - Knowledge - INFO - worker kw1 created with dedicated MongoDB connection (total: 1)
2025-09-25 05:47:04,022 - Knowledge - INFO - knowledge worker kw1 start
2025-09-25 05:47:04,146 - Knowledge - INFO - worker kw1 pull /app/data/kaviademo4200/2060/b699106/tailwind_migration-2060/README.md from ingest queue
2025-09-25 05:47:04,288 - Knowledge - INFO - process ingested knowledge for /app/data/kaviademo4200/2060/b699106/tailwind_migration-2060/README.md
2025-09-25 05:47:04,369 - Knowledge - INFO - Found code-base-name: https://github.com/kavia-common/tailwind_migration-2060.git:kavia-main
2025-09-25 05:47:04,462 - Knowledge - INFO - Found code_base: <app.utils.kg_build.knowledge.KnowledgeCodeBase object at 0x7f3b24db23d0>
2025-09-25 05:47:04,584 - Knowledge - INFO - persist ingested knowledge for /app/data/kaviademo4200/2060/b699106/tailwind_migration-2060/README.md
2025-09-25 05:47:04,746 - Knowledge - INFO - adding /app/data/kaviademo4200/2060/b699106/tailwind_migration-2060/README.md to ingest queue
2025-09-25 05:47:04,864 - Knowledge - INFO - worker kw1 pull /app/data/kaviademo4200/2060/b699106/tailwind_migration-2060/README.md from ingest queue
2025-09-25 05:47:04,946 - Knowledge - INFO - Thread kw1 - File README.md - Remaining files in queue: 0
2025-09-25 05:47:05,023 - Knowledge - INFO - start ingest for /app/data/kaviademo4200/2060/b699106/tailwind_migration-2060/README.md
2025-09-25 05:47:05,127 - Knowledge - INFO - Fast-track processing for simple file: /app/data/kaviademo4200/2060/b699106/tailwind_migration-2060/README.md
2025-09-25 05:47:05,210 - Knowledge - INFO - done fast ingest for /app/data/kaviademo4200/2060/b699106/tailwind_migration-2060/README.md
2025-09-25 05:47:05,308 - Knowledge - INFO - process ingested knowledge for /app/data/kaviademo4200/2060/b699106/tailwind_migration-2060/README.md
2025-09-25 05:47:05,421 - Knowledge - INFO - Found code-base-name: https://github.com/kavia-common/tailwind_migration-2060.git:kavia-main
2025-09-25 05:47:05,534 - Knowledge - INFO - Found code_base: <app.utils.kg_build.knowledge.KnowledgeCodeBase object at 0x7f3b24db23d0>
2025-09-25 05:47:05,623 - Knowledge - INFO - persist ingested knowledge for /app/data/kaviademo4200/2060/b699106/tailwind_migration-2060/README.md
2025-09-25 05:47:05,781 - Knowledge - INFO - Knowledge creation complete
2025-09-25 05:47:05,899 - Knowledge - INFO - Updating org costs, total cost: 0
2025-09-25 05:47:06,046 - Knowledge - INFO - Saving knowledge to Redis...
2025-09-25 05:47:06,137 - Knowledge - INFO - Knowledge saved to Redis successfully
